// Jest Snapshot v1, https://goo.gl/fbAQLP

exports[`Card navigation container matches snapshot 1`] = `
<View
  accessibilityLabel="Navigation items"
  style={
    {
      "display": "flex",
      "flexDirection": "row",
      "flexWrap": "wrap",
      "justifyContent": "space-between",
    }
  }
>
  <View
    accessibilityLabel="Quick Help"
    accessibilityState={
      {
        "busy": undefined,
        "checked": undefined,
        "disabled": undefined,
        "expanded": undefined,
        "selected": undefined,
      }
    }
    accessibilityValue={
      {
        "max": undefined,
        "min": undefined,
        "now": undefined,
        "text": undefined,
      }
    }
    accessible={true}
    collapsable={false}
    focusable={true}
    onBlur={[Function]}
    onClick={[Function]}
    onFocus={[Function]}
    onResponderGrant={[Function]}
    onResponderMove={[Function]}
    onResponderRelease={[Function]}
    onResponderTerminate={[Function]}
    onResponderTerminationRequest={[Function]}
    onStartShouldSetResponder={[Function]}
    style={
      [
        {
          "borderRadius": 8,
          "flexBasis": "47%",
          "marginBottom": 20,
          "padding": 10,
        },
        {
          "shadowColor": "#8b8490",
          "shadowOffset": {
            "height": 2,
            "width": 0,
          },
          "shadowOpacity": 0.25,
          "shadowRadius": 8,
        },
        {
          "backgroundColor": "#ffffff",
        },
      ]
    }
  >
    <Text
      style={
        [
          {
            "fontFamily": "Poppins-Bold",
            "fontSize": 14,
          },
          {
            "color": "#3f7b82",
            "maxWidth": 100,
          },
        ]
      }
    >
      Quick
      

      Help
    </Text>
    <Image
      accessibilityHint="Icon"
      alt="Quick Help icon"
      resizeMode="contain"
      source={
        {
          "testUri": "../../../src/assets/images/screenHeaders/quick-help.png",
        }
      }
      style={
        {
          "marginLeft": "auto",
          "maxWidth": 75,
          "opacity": 0.25,
        }
      }
    />
  </View>
  <View
    accessibilityLabel="Anxiety Resources"
    accessibilityState={
      {
        "busy": undefined,
        "checked": undefined,
        "disabled": undefined,
        "expanded": undefined,
        "selected": undefined,
      }
    }
    accessibilityValue={
      {
        "max": undefined,
        "min": undefined,
        "now": undefined,
        "text": undefined,
      }
    }
    accessible={true}
    collapsable={false}
    focusable={true}
    onBlur={[Function]}
    onClick={[Function]}
    onFocus={[Function]}
    onResponderGrant={[Function]}
    onResponderMove={[Function]}
    onResponderRelease={[Function]}
    onResponderTerminate={[Function]}
    onResponderTerminationRequest={[Function]}
    onStartShouldSetResponder={[Function]}
    style={
      [
        {
          "borderRadius": 8,
          "flexBasis": "47%",
          "marginBottom": 20,
          "padding": 10,
        },
        {
          "shadowColor": "#8b8490",
          "shadowOffset": {
            "height": 2,
            "width": 0,
          },
          "shadowOpacity": 0.25,
          "shadowRadius": 8,
        },
        {
          "backgroundColor": "#ffffff",
        },
      ]
    }
  >
    <Text
      style={
        [
          {
            "fontFamily": "Poppins-Bold",
            "fontSize": 14,
          },
          {
            "color": "#3f7b82",
            "maxWidth": 100,
          },
        ]
      }
    >
      Anxiety
      

      Resources
    </Text>
    <Image
      accessibilityHint="Icon"
      alt="Anxiety Resources icon"
      resizeMode="contain"
      source={
        {
          "testUri": "../../../src/assets/images/screenHeaders/anxiety-resources.png",
        }
      }
      style={
        {
          "marginLeft": "auto",
          "maxWidth": 75,
          "opacity": 0.25,
        }
      }
    />
  </View>
  <View
    accessibilityLabel="CBT Tools"
    accessibilityState={
      {
        "busy": undefined,
        "checked": undefined,
        "disabled": undefined,
        "expanded": undefined,
        "selected": undefined,
      }
    }
    accessibilityValue={
      {
        "max": undefined,
        "min": undefined,
        "now": undefined,
        "text": undefined,
      }
    }
    accessible={true}
    collapsable={false}
    focusable={true}
    onBlur={[Function]}
    onClick={[Function]}
    onFocus={[Function]}
    onResponderGrant={[Function]}
    onResponderMove={[Function]}
    onResponderRelease={[Function]}
    onResponderTerminate={[Function]}
    onResponderTerminationRequest={[Function]}
    onStartShouldSetResponder={[Function]}
    style={
      [
        {
          "borderRadius": 8,
          "flexBasis": "47%",
          "marginBottom": 20,
          "padding": 10,
        },
        {
          "shadowColor": "#8b8490",
          "shadowOffset": {
            "height": 2,
            "width": 0,
          },
          "shadowOpacity": 0.25,
          "shadowRadius": 8,
        },
        {
          "backgroundColor": "#ffffff",
        },
      ]
    }
  >
    <Text
      style={
        [
          {
            "fontFamily": "Poppins-Bold",
            "fontSize": 14,
          },
          {
            "color": "#3f7b82",
            "maxWidth": 100,
          },
        ]
      }
    >
      CBT
      

      Tools
    </Text>
    <Image
      accessibilityHint="Icon"
      alt="CBT Tools icon"
      resizeMode="contain"
      source={
        {
          "testUri": "../../../src/assets/images/screenHeaders/cbt-tools.png",
        }
      }
      style={
        {
          "marginLeft": "auto",
          "maxWidth": 75,
          "opacity": 0.25,
        }
      }
    />
  </View>
  <View
    accessibilityLabel="Helpful Contacts"
    accessibilityState={
      {
        "busy": undefined,
        "checked": undefined,
        "disabled": undefined,
        "expanded": undefined,
        "selected": undefined,
      }
    }
    accessibilityValue={
      {
        "max": undefined,
        "min": undefined,
        "now": undefined,
        "text": undefined,
      }
    }
    accessible={true}
    collapsable={false}
    focusable={true}
    onBlur={[Function]}
    onClick={[Function]}
    onFocus={[Function]}
    onResponderGrant={[Function]}
    onResponderMove={[Function]}
    onResponderRelease={[Function]}
    onResponderTerminate={[Function]}
    onResponderTerminationRequest={[Function]}
    onStartShouldSetResponder={[Function]}
    style={
      [
        {
          "borderRadius": 8,
          "flexBasis": "47%",
          "marginBottom": 20,
          "padding": 10,
        },
        {
          "shadowColor": "#8b8490",
          "shadowOffset": {
            "height": 2,
            "width": 0,
          },
          "shadowOpacity": 0.25,
          "shadowRadius": 8,
        },
        {
          "backgroundColor": "#ffffff",
        },
      ]
    }
  >
    <Text
      style={
        [
          {
            "fontFamily": "Poppins-Bold",
            "fontSize": 14,
          },
          {
            "color": "#3f7b82",
            "maxWidth": 100,
          },
        ]
      }
    >
      Helpful
      

      Contacts
    </Text>
    <Image
      accessibilityHint="Icon"
      alt="Helpful Contacts icon"
      resizeMode="contain"
      source={
        {
          "testUri": "../../../src/assets/images/screenHeaders/helpful-contacts.png",
        }
      }
      style={
        {
          "marginLeft": "auto",
          "maxWidth": 75,
          "opacity": 0.25,
        }
      }
    />
  </View>
</View>
`;
