// Jest Snapshot v1, https://goo.gl/fbAQLP

exports[`Card item matches snapshot 1`] = `
<View
  style={
    [
      {
        "shadowColor": "#8b8490",
        "shadowOffset": {
          "height": 2,
          "width": 0,
        },
        "shadowOpacity": 0.25,
        "shadowRadius": 8,
      },
      {
        "flexBasis": "47%",
        "marginBottom": 20,
      },
    ]
  }
>
  <View
    accessibilityLabel="Quick Help"
    accessibilityState={
      {
        "busy": undefined,
        "checked": undefined,
        "disabled": undefined,
        "expanded": undefined,
        "selected": undefined,
      }
    }
    accessibilityValue={
      {
        "max": undefined,
        "min": undefined,
        "now": undefined,
        "text": undefined,
      }
    }
    accessible={true}
    collapsable={false}
    focusable={true}
    onBlur={[Function]}
    onClick={[Function]}
    onFocus={[Function]}
    onResponderGrant={[Function]}
    onResponderMove={[Function]}
    onResponderRelease={[Function]}
    onResponderTerminate={[Function]}
    onResponderTerminationRequest={[Function]}
    onStartShouldSetResponder={[Function]}
    style={
      [
        {
          "borderRadius": 8,
          "padding": 10,
        },
        {
          "backgroundColor": "#ffffff",
        },
      ]
    }
  >
    <Text
      style={
        [
          {
            "fontFamily": "Poppins-Bold",
            "fontSize": 14,
          },
          {
            "color": "#3f7b82",
            "maxWidth": 100,
          },
        ]
      }
    >
      Quick
      

      Help
    </Text>
    <Image
      accessibilityHint="Icon"
      alt="Quick Help icon"
      resizeMode="contain"
      source={
        {
          "testUri": "../../../src/assets/images/screenHeaders/quick-help.png",
        }
      }
      style={
        {
          "marginLeft": "auto",
          "maxWidth": 75,
          "opacity": 0.25,
        }
      }
    />
  </View>
</View>
`;
